// Jest Snapshot v1, https://goo.gl/fbAQLP

exports[`renders learn react link 1`] = `
Object {
  "asFragment": [Function],
  "baseElement": <body>
    <div>
      <div
        class="css-12zcvaw"
      >
        <div
          class="css-1f8sh1y"
        >
          <div
            class="css-1l7c0cy"
          >
            <div
              draggable="false"
              style="height: 100%; user-select: none; transform: translate3d(0px, 0px, 0) scale(NaN, NaN); transform-origin: 50% 50% 0;"
            >
              <div
                style="position: relative; height: 100%; opacity: 0; z-index: 1; transform: none;"
              >
                <div>
                  <div
                    class="MuiPaper-root MuiPaper-elevation MuiPaper-rounded MuiPaper-elevation1 CarouselItem css-1ps6pg7-MuiPaper-root"
                  >
                    <img
                      alt="Disfruta de nuestros postres orgánicos y respetuosos con el medio ambiente, además son deliciosos"
                      src="https://i.ibb.co/sKKR2z9/befunky-collage-7.jpg"
                    />
                    <h2>
                      Disfruta de nuestros postres orgánicos y respetuosos con el medio ambiente, además son deliciosos
                    </h2>
                    <p
                      class="CarouselItemP"
                    >
                      ¡No te quedes sin tu postre favorito!
                    </p>
                    <button
                      class="MuiButtonBase-root MuiButton-root MuiButton-contained MuiButton-containedPrimary MuiButton-sizeMedium MuiButton-containedSizeMedium MuiButton-root MuiButton-contained MuiButton-containedPrimary MuiButton-sizeMedium MuiButton-containedSizeMedium buttonVerMas css-sghohy-MuiButtonBase-root-MuiButton-root"
                      tabindex="0"
                      type="button"
                    >
                      Ver más
                      <span
                        class="MuiTouchRipple-root css-8je8zh-MuiTouchRipple-root"
                      />
                    </button>
                    <div
                      class="marketing-info"
                      sx="[object Object]"
                    >
                      <h3>
                        ¡Regístrate ahora y obtén un 10% de descuento en tu primer pedido!
                      </h3>
                      <form>
                        <div
                          class="MuiGrid-root MuiGrid-container MuiGrid-spacing-xs-2 css-mhc70k-MuiGrid-root"
                        >
                          <div
                            class="MuiGrid-root MuiGrid-item MuiGrid-grid-xs-6 MuiGrid-grid-sm-3 css-1blu1sr-MuiGrid-root"
                          >
                            <div
                              class="MuiInputBase-root MuiInput-root MuiInput-underline MuiInputBase-colorPrimary css-1xkwnnm-MuiInputBase-root-MuiInput-root"
                            >
                              <input
                                class="MuiInputBase-input MuiInput-input css-1x51dt5-MuiInputBase-input-MuiInput-input"
                                name="username"
                                placeholder="Usuario"
                                type="text"
                                value=""
                              />
                            </div>
                          </div>
                          <div
                            class="MuiGrid-root MuiGrid-item MuiGrid-grid-xs-6 MuiGrid-grid-sm-3 css-1blu1sr-MuiGrid-root"
                          >
                            <div
                              class="MuiInputBase-root MuiInput-root MuiInput-underline MuiInputBase-colorPrimary css-1xkwnnm-MuiInputBase-root-MuiInput-root"
                            >
                              <input
                                class="MuiInputBase-input MuiInput-input css-1x51dt5-MuiInputBase-input-MuiInput-input"
                                name="email"
                                placeholder="Email"
                                type="email"
                                value=""
                              />
                            </div>
                          </div>
                          <div
                            class="MuiGrid-root MuiGrid-item MuiGrid-grid-xs-6 MuiGrid-grid-sm-3 css-1blu1sr-MuiGrid-root"
                          >
                            <div
                              class="MuiInputBase-root MuiInput-root MuiInput-underline MuiInputBase-colorPrimary css-1xkwnnm-MuiInputBase-root-MuiInput-root"
                            >
                              <input
                                class="MuiInputBase-input MuiInput-input css-1x51dt5-MuiInputBase-input-MuiInput-input"
                                name="password"
                                placeholder="contraseña"
                                type="text"
                                value=""
                              />
                            </div>
                          </div>
                          <div
                            class="MuiGrid-root MuiGrid-item MuiGrid-grid-xs-6 MuiGrid-grid-sm-3 css-1blu1sr-MuiGrid-root"
                          >
                            <button
                              class="MuiButtonBase-root MuiButton-root MuiButton-contained MuiButton-containedPrimary MuiButton-sizeMedium MuiButton-containedSizeMedium MuiButton-root MuiButton-contained MuiButton-containedPrimary MuiButton-sizeMedium MuiButton-containedSizeMedium buttoRegister css-sghohy-MuiButtonBase-root-MuiButton-root"
                              tabindex="0"
                              type="submit"
                            >
                              Registrarse
                              <span
                                class="MuiTouchRipple-root css-8je8zh-MuiTouchRipple-root"
                              />
                            </button>
                          </div>
                        </div>
                        <p
                          class="MuiTypography-root MuiTypography-body2 css-1180xnm-MuiTypography-root"
                        />
                      </form>
                    </div>
                  </div>
                </div>
              </div>
            </div>
          </div>
          <div
            class="css-1l7c0cy"
          >
            <div
              draggable="false"
              style="height: 100%; user-select: none; transform: translate3d(0px, 0px, 0) scale(NaN, NaN); transform-origin: 50% 50% 0;"
            >
              <div
                style="position: relative; height: 100%; opacity: 0; display: none; z-index: 0; transform: translateX(0%) translateZ(0); z-index: 0;"
              >
                <div>
                  <div
                    class="MuiPaper-root MuiPaper-elevation MuiPaper-rounded MuiPaper-elevation1 CarouselItem css-1ps6pg7-MuiPaper-root"
                  >
                    <img
                      alt="Tartas de cumpleaños, tartas de boda, tartas de comunión, cuidamos cada detalle para que tu evento sea único"
                      src="https://i.ibb.co/mCww6y3/tarta-abecedario-01b.jpg"
                    />
                    <h2>
                      Tartas de cumpleaños, tartas de boda, tartas de comunión, cuidamos cada detalle para que tu evento sea único
                    </h2>
                    <p
                      class="CarouselItemP"
                    >
                      Añade un toque especial a tu evento, ¡pide tu tarta personalizada!
                    </p>
                    <button
                      class="MuiButtonBase-root MuiButton-root MuiButton-contained MuiButton-containedPrimary MuiButton-sizeMedium MuiButton-containedSizeMedium MuiButton-root MuiButton-contained MuiButton-containedPrimary MuiButton-sizeMedium MuiButton-containedSizeMedium buttonVerMas css-sghohy-MuiButtonBase-root-MuiButton-root"
                      tabindex="0"
                      type="button"
                    >
                      Ver más
                      <span
                        class="MuiTouchRipple-root css-8je8zh-MuiTouchRipple-root"
                      />
                    </button>
                    <div
                      class="marketing-info"
                      sx="[object Object]"
                    >
                      <h3>
                        ¡Regístrate ahora y obtén un 10% de descuento en tu primer pedido!
                      </h3>
                      <form>
                        <div
                          class="MuiGrid-root MuiGrid-container MuiGrid-spacing-xs-2 css-mhc70k-MuiGrid-root"
                        >
                          <div
                            class="MuiGrid-root MuiGrid-item MuiGrid-grid-xs-6 MuiGrid-grid-sm-3 css-1blu1sr-MuiGrid-root"
                          >
                            <div
                              class="MuiInputBase-root MuiInput-root MuiInput-underline MuiInputBase-colorPrimary css-1xkwnnm-MuiInputBase-root-MuiInput-root"
                            >
                              <input
                                class="MuiInputBase-input MuiInput-input css-1x51dt5-MuiInputBase-input-MuiInput-input"
                                name="username"
                                placeholder="Usuario"
                                type="text"
                                value=""
                              />
                            </div>
                          </div>
                          <div
                            class="MuiGrid-root MuiGrid-item MuiGrid-grid-xs-6 MuiGrid-grid-sm-3 css-1blu1sr-MuiGrid-root"
                          >
                            <div
                              class="MuiInputBase-root MuiInput-root MuiInput-underline MuiInputBase-colorPrimary css-1xkwnnm-MuiInputBase-root-MuiInput-root"
                            >
                              <input
                                class="MuiInputBase-input MuiInput-input css-1x51dt5-MuiInputBase-input-MuiInput-input"
                                name="email"
                                placeholder="Email"
                                type="email"
                                value=""
                              />
                            </div>
                          </div>
                          <div
                            class="MuiGrid-root MuiGrid-item MuiGrid-grid-xs-6 MuiGrid-grid-sm-3 css-1blu1sr-MuiGrid-root"
                          >
                            <div
                              class="MuiInputBase-root MuiInput-root MuiInput-underline MuiInputBase-colorPrimary css-1xkwnnm-MuiInputBase-root-MuiInput-root"
                            >
                              <input
                                class="MuiInputBase-input MuiInput-input css-1x51dt5-MuiInputBase-input-MuiInput-input"
                                name="password"
                                placeholder="contraseña"
                                type="text"
                                value=""
                              />
                            </div>
                          </div>
                          <div
                            class="MuiGrid-root MuiGrid-item MuiGrid-grid-xs-6 MuiGrid-grid-sm-3 css-1blu1sr-MuiGrid-root"
                          >
                            <button
                              class="MuiButtonBase-root MuiButton-root MuiButton-contained MuiButton-containedPrimary MuiButton-sizeMedium MuiButton-containedSizeMedium MuiButton-root MuiButton-contained MuiButton-containedPrimary MuiButton-sizeMedium MuiButton-containedSizeMedium buttoRegister css-sghohy-MuiButtonBase-root-MuiButton-root"
                              tabindex="0"
                              type="submit"
                            >
                              Registrarse
                              <span
                                class="MuiTouchRipple-root css-8je8zh-MuiTouchRipple-root"
                              />
                            </button>
                          </div>
                        </div>
                        <p
                          class="MuiTypography-root MuiTypography-body2 css-1180xnm-MuiTypography-root"
                        />
                      </form>
                    </div>
                  </div>
                </div>
              </div>
            </div>
          </div>
        </div>
        <div
          class=" css-1abc02a"
        >
          <button
            aria-label="Next"
            class="MuiButtonBase-root MuiIconButton-root MuiIconButton-sizeMedium  css-1g04gm2-MuiButtonBase-root-MuiIconButton-root"
            tabindex="0"
            type="button"
          >
            <svg
              aria-hidden="true"
              class="MuiSvgIcon-root MuiSvgIcon-fontSizeMedium css-i4bv87-MuiSvgIcon-root"
              data-testid="NavigateNextIcon"
              focusable="false"
              viewBox="0 0 24 24"
            >
              <path
                d="M10 6 8.59 7.41 13.17 12l-4.58 4.59L10 18l6-6z"
              />
            </svg>
            <span
              class="MuiTouchRipple-root css-8je8zh-MuiTouchRipple-root"
            />
          </button>
        </div>
        <div
          class=" css-hn784z"
        >
          <button
            aria-label="Previous"
            class="MuiButtonBase-root MuiIconButton-root MuiIconButton-sizeMedium  css-1g04gm2-MuiButtonBase-root-MuiIconButton-root"
            tabindex="0"
            type="button"
          >
            <svg
              aria-hidden="true"
              class="MuiSvgIcon-root MuiSvgIcon-fontSizeMedium css-i4bv87-MuiSvgIcon-root"
              data-testid="NavigateBeforeIcon"
              focusable="false"
              viewBox="0 0 24 24"
            >
              <path
                d="M15.41 7.41 14 6l-6 6 6 6 1.41-1.41L10.83 12z"
              />
            </svg>
            <span
              class="MuiTouchRipple-root css-8je8zh-MuiTouchRipple-root"
            />
          </button>
        </div>
        <div
          class=" css-1m9128y"
        >
          <button
            aria-label="carousel indicator 1"
            class="MuiButtonBase-root MuiIconButton-root MuiIconButton-sizeMedium   css-8ucetn-MuiButtonBase-root-MuiIconButton-root"
            tabindex="0"
            type="button"
          >
            <svg
              aria-hidden="true"
              class="MuiSvgIcon-root MuiSvgIcon-fontSizeMedium css-aq8pb7-MuiSvgIcon-root"
              data-testid="FiberManualRecordIcon"
              focusable="false"
              viewBox="0 0 24 24"
            >
              <circle
                cx="12"
                cy="12"
                r="8"
              />
            </svg>
            <span
              class="MuiTouchRipple-root css-8je8zh-MuiTouchRipple-root"
            />
          </button>
          <button
            aria-label="carousel indicator 2"
            class="MuiButtonBase-root MuiIconButton-root MuiIconButton-sizeMedium  css-bbreus-MuiButtonBase-root-MuiIconButton-root"
            tabindex="0"
            type="button"
          >
            <svg
              aria-hidden="true"
              class="MuiSvgIcon-root MuiSvgIcon-fontSizeMedium css-aq8pb7-MuiSvgIcon-root"
              data-testid="FiberManualRecordIcon"
              focusable="false"
              viewBox="0 0 24 24"
            >
              <circle
                cx="12"
                cy="12"
                r="8"
              />
            </svg>
            <span
              class="MuiTouchRipple-root css-8je8zh-MuiTouchRipple-root"
            />
          </button>
        </div>
      </div>
    </div>
  </body>,
  "container": <div>
    <div
      class="css-12zcvaw"
    >
      <div
        class="css-1f8sh1y"
      >
        <div
          class="css-1l7c0cy"
        >
          <div
            draggable="false"
            style="height: 100%; user-select: none; transform: translate3d(0px, 0px, 0) scale(NaN, NaN); transform-origin: 50% 50% 0;"
          >
            <div
              style="position: relative; height: 100%; opacity: 0; z-index: 1; transform: none;"
            >
              <div>
                <div
                  class="MuiPaper-root MuiPaper-elevation MuiPaper-rounded MuiPaper-elevation1 CarouselItem css-1ps6pg7-MuiPaper-root"
                >
                  <img
                    alt="Disfruta de nuestros postres orgánicos y respetuosos con el medio ambiente, además son deliciosos"
                    src="https://i.ibb.co/sKKR2z9/befunky-collage-7.jpg"
                  />
                  <h2>
                    Disfruta de nuestros postres orgánicos y respetuosos con el medio ambiente, además son deliciosos
                  </h2>
                  <p
                    class="CarouselItemP"
                  >
                    ¡No te quedes sin tu postre favorito!
                  </p>
                  <button
                    class="MuiButtonBase-root MuiButton-root MuiButton-contained MuiButton-containedPrimary MuiButton-sizeMedium MuiButton-containedSizeMedium MuiButton-root MuiButton-contained MuiButton-containedPrimary MuiButton-sizeMedium MuiButton-containedSizeMedium buttonVerMas css-sghohy-MuiButtonBase-root-MuiButton-root"
                    tabindex="0"
                    type="button"
                  >
                    Ver más
                    <span
                      class="MuiTouchRipple-root css-8je8zh-MuiTouchRipple-root"
                    />
                  </button>
                  <div
                    class="marketing-info"
                    sx="[object Object]"
                  >
                    <h3>
                      ¡Regístrate ahora y obtén un 10% de descuento en tu primer pedido!
                    </h3>
                    <form>
                      <div
                        class="MuiGrid-root MuiGrid-container MuiGrid-spacing-xs-2 css-mhc70k-MuiGrid-root"
                      >
                        <div
                          class="MuiGrid-root MuiGrid-item MuiGrid-grid-xs-6 MuiGrid-grid-sm-3 css-1blu1sr-MuiGrid-root"
                        >
                          <div
                            class="MuiInputBase-root MuiInput-root MuiInput-underline MuiInputBase-colorPrimary css-1xkwnnm-MuiInputBase-root-MuiInput-root"
                          >
                            <input
                              class="MuiInputBase-input MuiInput-input css-1x51dt5-MuiInputBase-input-MuiInput-input"
                              name="username"
                              placeholder="Usuario"
                              type="text"
                              value=""
                            />
                          </div>
                        </div>
                        <div
                          class="MuiGrid-root MuiGrid-item MuiGrid-grid-xs-6 MuiGrid-grid-sm-3 css-1blu1sr-MuiGrid-root"
                        >
                          <div
                            class="MuiInputBase-root MuiInput-root MuiInput-underline MuiInputBase-colorPrimary css-1xkwnnm-MuiInputBase-root-MuiInput-root"
                          >
                            <input
                              class="MuiInputBase-input MuiInput-input css-1x51dt5-MuiInputBase-input-MuiInput-input"
                              name="email"
                              placeholder="Email"
                              type="email"
                              value=""
                            />
                          </div>
                        </div>
                        <div
                          class="MuiGrid-root MuiGrid-item MuiGrid-grid-xs-6 MuiGrid-grid-sm-3 css-1blu1sr-MuiGrid-root"
                        >
                          <div
                            class="MuiInputBase-root MuiInput-root MuiInput-underline MuiInputBase-colorPrimary css-1xkwnnm-MuiInputBase-root-MuiInput-root"
                          >
                            <input
                              class="MuiInputBase-input MuiInput-input css-1x51dt5-MuiInputBase-input-MuiInput-input"
                              name="password"
                              placeholder="contraseña"
                              type="text"
                              value=""
                            />
                          </div>
                        </div>
                        <div
                          class="MuiGrid-root MuiGrid-item MuiGrid-grid-xs-6 MuiGrid-grid-sm-3 css-1blu1sr-MuiGrid-root"
                        >
                          <button
                            class="MuiButtonBase-root MuiButton-root MuiButton-contained MuiButton-containedPrimary MuiButton-sizeMedium MuiButton-containedSizeMedium MuiButton-root MuiButton-contained MuiButton-containedPrimary MuiButton-sizeMedium MuiButton-containedSizeMedium buttoRegister css-sghohy-MuiButtonBase-root-MuiButton-root"
                            tabindex="0"
                            type="submit"
                          >
                            Registrarse
                            <span
                              class="MuiTouchRipple-root css-8je8zh-MuiTouchRipple-root"
                            />
                          </button>
                        </div>
                      </div>
                      <p
                        class="MuiTypography-root MuiTypography-body2 css-1180xnm-MuiTypography-root"
                      />
                    </form>
                  </div>
                </div>
              </div>
            </div>
          </div>
        </div>
        <div
          class="css-1l7c0cy"
        >
          <div
            draggable="false"
            style="height: 100%; user-select: none; transform: translate3d(0px, 0px, 0) scale(NaN, NaN); transform-origin: 50% 50% 0;"
          >
            <div
              style="position: relative; height: 100%; opacity: 0; display: none; z-index: 0; transform: translateX(0%) translateZ(0); z-index: 0;"
            >
              <div>
                <div
                  class="MuiPaper-root MuiPaper-elevation MuiPaper-rounded MuiPaper-elevation1 CarouselItem css-1ps6pg7-MuiPaper-root"
                >
                  <img
                    alt="Tartas de cumpleaños, tartas de boda, tartas de comunión, cuidamos cada detalle para que tu evento sea único"
                    src="https://i.ibb.co/mCww6y3/tarta-abecedario-01b.jpg"
                  />
                  <h2>
                    Tartas de cumpleaños, tartas de boda, tartas de comunión, cuidamos cada detalle para que tu evento sea único
                  </h2>
                  <p
                    class="CarouselItemP"
                  >
                    Añade un toque especial a tu evento, ¡pide tu tarta personalizada!
                  </p>
                  <button
                    class="MuiButtonBase-root MuiButton-root MuiButton-contained MuiButton-containedPrimary MuiButton-sizeMedium MuiButton-containedSizeMedium MuiButton-root MuiButton-contained MuiButton-containedPrimary MuiButton-sizeMedium MuiButton-containedSizeMedium buttonVerMas css-sghohy-MuiButtonBase-root-MuiButton-root"
                    tabindex="0"
                    type="button"
                  >
                    Ver más
                    <span
                      class="MuiTouchRipple-root css-8je8zh-MuiTouchRipple-root"
                    />
                  </button>
                  <div
                    class="marketing-info"
                    sx="[object Object]"
                  >
                    <h3>
                      ¡Regístrate ahora y obtén un 10% de descuento en tu primer pedido!
                    </h3>
                    <form>
                      <div
                        class="MuiGrid-root MuiGrid-container MuiGrid-spacing-xs-2 css-mhc70k-MuiGrid-root"
                      >
                        <div
                          class="MuiGrid-root MuiGrid-item MuiGrid-grid-xs-6 MuiGrid-grid-sm-3 css-1blu1sr-MuiGrid-root"
                        >
                          <div
                            class="MuiInputBase-root MuiInput-root MuiInput-underline MuiInputBase-colorPrimary css-1xkwnnm-MuiInputBase-root-MuiInput-root"
                          >
                            <input
                              class="MuiInputBase-input MuiInput-input css-1x51dt5-MuiInputBase-input-MuiInput-input"
                              name="username"
                              placeholder="Usuario"
                              type="text"
                              value=""
                            />
                          </div>
                        </div>
                        <div
                          class="MuiGrid-root MuiGrid-item MuiGrid-grid-xs-6 MuiGrid-grid-sm-3 css-1blu1sr-MuiGrid-root"
                        >
                          <div
                            class="MuiInputBase-root MuiInput-root MuiInput-underline MuiInputBase-colorPrimary css-1xkwnnm-MuiInputBase-root-MuiInput-root"
                          >
                            <input
                              class="MuiInputBase-input MuiInput-input css-1x51dt5-MuiInputBase-input-MuiInput-input"
                              name="email"
                              placeholder="Email"
                              type="email"
                              value=""
                            />
                          </div>
                        </div>
                        <div
                          class="MuiGrid-root MuiGrid-item MuiGrid-grid-xs-6 MuiGrid-grid-sm-3 css-1blu1sr-MuiGrid-root"
                        >
                          <div
                            class="MuiInputBase-root MuiInput-root MuiInput-underline MuiInputBase-colorPrimary css-1xkwnnm-MuiInputBase-root-MuiInput-root"
                          >
                            <input
                              class="MuiInputBase-input MuiInput-input css-1x51dt5-MuiInputBase-input-MuiInput-input"
                              name="password"
                              placeholder="contraseña"
                              type="text"
                              value=""
                            />
                          </div>
                        </div>
                        <div
                          class="MuiGrid-root MuiGrid-item MuiGrid-grid-xs-6 MuiGrid-grid-sm-3 css-1blu1sr-MuiGrid-root"
                        >
                          <button
                            class="MuiButtonBase-root MuiButton-root MuiButton-contained MuiButton-containedPrimary MuiButton-sizeMedium MuiButton-containedSizeMedium MuiButton-root MuiButton-contained MuiButton-containedPrimary MuiButton-sizeMedium MuiButton-containedSizeMedium buttoRegister css-sghohy-MuiButtonBase-root-MuiButton-root"
                            tabindex="0"
                            type="submit"
                          >
                            Registrarse
                            <span
                              class="MuiTouchRipple-root css-8je8zh-MuiTouchRipple-root"
                            />
                          </button>
                        </div>
                      </div>
                      <p
                        class="MuiTypography-root MuiTypography-body2 css-1180xnm-MuiTypography-root"
                      />
                    </form>
                  </div>
                </div>
              </div>
            </div>
          </div>
        </div>
      </div>
      <div
        class=" css-1abc02a"
      >
        <button
          aria-label="Next"
          class="MuiButtonBase-root MuiIconButton-root MuiIconButton-sizeMedium  css-1g04gm2-MuiButtonBase-root-MuiIconButton-root"
          tabindex="0"
          type="button"
        >
          <svg
            aria-hidden="true"
            class="MuiSvgIcon-root MuiSvgIcon-fontSizeMedium css-i4bv87-MuiSvgIcon-root"
            data-testid="NavigateNextIcon"
            focusable="false"
            viewBox="0 0 24 24"
          >
            <path
              d="M10 6 8.59 7.41 13.17 12l-4.58 4.59L10 18l6-6z"
            />
          </svg>
          <span
            class="MuiTouchRipple-root css-8je8zh-MuiTouchRipple-root"
          />
        </button>
      </div>
      <div
        class=" css-hn784z"
      >
        <button
          aria-label="Previous"
          class="MuiButtonBase-root MuiIconButton-root MuiIconButton-sizeMedium  css-1g04gm2-MuiButtonBase-root-MuiIconButton-root"
          tabindex="0"
          type="button"
        >
          <svg
            aria-hidden="true"
            class="MuiSvgIcon-root MuiSvgIcon-fontSizeMedium css-i4bv87-MuiSvgIcon-root"
            data-testid="NavigateBeforeIcon"
            focusable="false"
            viewBox="0 0 24 24"
          >
            <path
              d="M15.41 7.41 14 6l-6 6 6 6 1.41-1.41L10.83 12z"
            />
          </svg>
          <span
            class="MuiTouchRipple-root css-8je8zh-MuiTouchRipple-root"
          />
        </button>
      </div>
      <div
        class=" css-1m9128y"
      >
        <button
          aria-label="carousel indicator 1"
          class="MuiButtonBase-root MuiIconButton-root MuiIconButton-sizeMedium   css-8ucetn-MuiButtonBase-root-MuiIconButton-root"
          tabindex="0"
          type="button"
        >
          <svg
            aria-hidden="true"
            class="MuiSvgIcon-root MuiSvgIcon-fontSizeMedium css-aq8pb7-MuiSvgIcon-root"
            data-testid="FiberManualRecordIcon"
            focusable="false"
            viewBox="0 0 24 24"
          >
            <circle
              cx="12"
              cy="12"
              r="8"
            />
          </svg>
          <span
            class="MuiTouchRipple-root css-8je8zh-MuiTouchRipple-root"
          />
        </button>
        <button
          aria-label="carousel indicator 2"
          class="MuiButtonBase-root MuiIconButton-root MuiIconButton-sizeMedium  css-bbreus-MuiButtonBase-root-MuiIconButton-root"
          tabindex="0"
          type="button"
        >
          <svg
            aria-hidden="true"
            class="MuiSvgIcon-root MuiSvgIcon-fontSizeMedium css-aq8pb7-MuiSvgIcon-root"
            data-testid="FiberManualRecordIcon"
            focusable="false"
            viewBox="0 0 24 24"
          >
            <circle
              cx="12"
              cy="12"
              r="8"
            />
          </svg>
          <span
            class="MuiTouchRipple-root css-8je8zh-MuiTouchRipple-root"
          />
        </button>
      </div>
    </div>
  </div>,
  "debug": [Function],
  "findAllByAltText": [Function],
  "findAllByDisplayValue": [Function],
  "findAllByLabelText": [Function],
  "findAllByPlaceholderText": [Function],
  "findAllByRole": [Function],
  "findAllByTestId": [Function],
  "findAllByText": [Function],
  "findAllByTitle": [Function],
  "findByAltText": [Function],
  "findByDisplayValue": [Function],
  "findByLabelText": [Function],
  "findByPlaceholderText": [Function],
  "findByRole": [Function],
  "findByTestId": [Function],
  "findByText": [Function],
  "findByTitle": [Function],
  "getAllByAltText": [Function],
  "getAllByDisplayValue": [Function],
  "getAllByLabelText": [Function],
  "getAllByPlaceholderText": [Function],
  "getAllByRole": [Function],
  "getAllByTestId": [Function],
  "getAllByText": [Function],
  "getAllByTitle": [Function],
  "getByAltText": [Function],
  "getByDisplayValue": [Function],
  "getByLabelText": [Function],
  "getByPlaceholderText": [Function],
  "getByRole": [Function],
  "getByTestId": [Function],
  "getByText": [Function],
  "getByTitle": [Function],
  "queryAllByAltText": [Function],
  "queryAllByDisplayValue": [Function],
  "queryAllByLabelText": [Function],
  "queryAllByPlaceholderText": [Function],
  "queryAllByRole": [Function],
  "queryAllByTestId": [Function],
  "queryAllByText": [Function],
  "queryAllByTitle": [Function],
  "queryByAltText": [Function],
  "queryByDisplayValue": [Function],
  "queryByLabelText": [Function],
  "queryByPlaceholderText": [Function],
  "queryByRole": [Function],
  "queryByTestId": [Function],
  "queryByText": [Function],
  "queryByTitle": [Function],
  "rerender": [Function],
  "unmount": [Function],
}
`;
